// Jest Snapshot v1, https://goo.gl/fbAQLP

exports[`runAll should resolve the promise with no files 1`] = `
"
LOG No staged files match any of provided globs."
`;

exports[`runAll should use an injected logger 1`] = `
"
LOG No staged files match any of provided globs."
`;

exports[`runAll should warn if the argument length is longer than what the platform can handle 1`] = `
"
WARN â€¼  lint-staged generated an argument string of 999999 characters, and commands might not run correctly on your platform.
It is recommended to use functions as linters and split your command based on the number of staged files. For more info, please visit:
https://github.com/okonet/lint-staged#using-js-functions-to-customize-linter-commands
LOG Preparing... [started]
LOG Preparing... [completed]
LOG Running tasks... [started]
LOG Running tasks for *.js [started]
LOG echo \\"sample\\" [started]
LOG echo \\"sample\\" [completed]
LOG Running tasks for *.js [completed]
LOG Running tasks... [completed]
LOG Applying unstaged changes... [started]
LOG Applying unstaged changes... [completed]
LOG Cleaning up... [started]
LOG Cleaning up... [completed]"
`;
